# boot_worker transcript for node s1
# generated: sample
# setup directory: /home/ubuntu/setup_kube

# Ensure container runtime and kubelet are enabled/running
systemctl restart containerd  # if not already active
systemctl enable kubelet  # if not already enabled
systemctl restart kubelet  # if not already active

# Remove any stale join command before fetching a fresh one
rm -f /joincluster.sh /tmp/joincluster.sh

# Fetch the latest kubeadm join command generated by the master
export SSHOPTS="-F /home/ubuntu/setup_kube/xhosts_ssh_config"
export RSYNC_RSH="ssh $SSHOPTS"
rsync -Ptu --ignore-missing-args "$n:/tmp/joincluster.sh" /tmp/joincluster.sh  # fetch /tmp/joincluster.sh from each other node
cp -puf /tmp/joincluster.sh /joincluster.sh

# Add this worker's node name to the join command stored in /joincluster.sh
sed -e 's/$/--node-name 's1'/' -i /joincluster.sh

# Join this worker to the Kubernetes cluster
bash /joincluster.sh

# Worker joined. From the master, verify node registration:
kubectl get nodes

# kubelet config: /var/lib/kubelet/config.yaml
# kubelet flags:  /var/lib/kubelet/kubeadm-flags.env
